// Jest Snapshot v1, https://goo.gl/fbAQLP

exports[`DrawCardComponent tests DrawCardComponent renders correctly 1`] = `
<div>
  <button
    class="btn"
  >
    Draw a Card
  </button>
</div>
`;
