// Jest Snapshot v1, https://goo.gl/fbAQLP

exports[`DrawCardComponent tests DrawCardComponent renders correctly 1`] = `
<div>
  <button>
    Draw a Card
  </button>
</div>
`;
